// Jest Snapshot v1, https://goo.gl/fbAQLP

exports[`App snapshot renders the loading screen 1`] = `null`;

exports[`App snapshot renders the root without loading screen 1`] = `
<View
  style={
    Object {
      "backgroundColor": "#fff",
      "flex": 1,
    }
  }
>
  <View
    style={
      Object {
        "flex": 1,
      }
    }
  >
    <View
      onLayout={[Function]}
      style={
        Object {
          "flex": 1,
        }
      }
    >
      <View
        onMoveShouldSetResponder={[Function]}
        onMoveShouldSetResponderCapture={[Function]}
        onResponderEnd={[Function]}
        onResponderGrant={[Function]}
        onResponderMove={[Function]}
        onResponderReject={[Function]}
        onResponderRelease={[Function]}
        onResponderStart={[Function]}
        onResponderTerminate={[Function]}
        onResponderTerminationRequest={[Function]}
        onStartShouldSetResponder={[Function]}
        onStartShouldSetResponderCapture={[Function]}
        style={
          Array [
            Object {
              "flex": 1,
              "flexDirection": "column-reverse",
              "overflow": "hidden",
            },
            Object {
              "backgroundColor": "#000",
            },
          ]
        }
      >
        <View
          style={
            Object {
              "flex": 1,
            }
          }
        >
          <View
            accessibilityElementsHidden={false}
            pointerEvents="auto"
            style={
              Object {
                "backgroundColor": "#E9E9EF",
                "bottom": 0,
                "left": 0,
                "opacity": 1,
                "paddingTop": 0,
                "position": "absolute",
                "right": 0,
                "shadowColor": "black",
                "shadowOffset": Object {
                  "height": 0,
                  "width": 0,
                },
                "shadowOpacity": 0.2,
                "shadowRadius": 5,
                "top": 0,
                "transform": Array [
                  Object {
                    "translateX": 0,
                  },
                  Object {
                    "translateY": 0,
                  },
                ],
              }
            }
          >
            <View
              style={
                Object {
                  "flex": 1,
                }
              }
            >
              <View
                accessibilityIgnoresInvertColors={true}
                style={
                  Object {
                    "height": "100%",
                    "width": "100%",
                  }
                }
              >
                <Image
                  source={1}
                  style={
                    Array [
                      Object {
                        "bottom": 0,
                        "left": 0,
                        "position": "absolute",
                        "right": 0,
                        "top": 0,
                      },
                      Object {
                        "height": "100%",
                        "width": "100%",
                      },
                      undefined,
                    ]
                  }
                />
                <View
                  style={
                    Object {
                      "height": "20%",
                    }
                  }
                />
                <View
                  style={
                    Object {
                      "flex": 1,
                    }
                  }
                >
                  <View
                    style={
                      Object {
                        "flex": 1,
                      }
                    }
                  >
                    <Text
                      style={
                        Object {
                          "color": "white",
                          "fontFamily": "grotes-sans-regular",
                          "fontSize": 50,
                          "paddingLeft": 30,
                          "paddingRight": 30,
                          "textAlign": "center",
                        }
                      }
                    >
                      espiritismo
                    </Text>
                  </View>
                </View>
                <View
                  style={
                    Object {
                      "height": 70,
                      "width": "100%",
                    }
                  }
                >
                  <View
                    accessible={true}
                    focusable={true}
                    isTVSelectable={true}
                    onClick={[Function]}
                    onResponderGrant={[Function]}
                    onResponderMove={[Function]}
                    onResponderRelease={[Function]}
                    onResponderTerminate={[Function]}
                    onResponderTerminationRequest={[Function]}
                    onStartShouldSetResponder={[Function]}
                    style={
                      Object {
                        "alignItems": "center",
                        "borderBottomWidth": 0,
                        "borderColor": "white",
                        "borderLeftWidth": 0,
                        "borderRightWidth": 0,
                        "borderStyle": "solid",
                        "borderTopWidth": 1,
                        "height": "100%",
                        "justifyContent": "center",
                        "opacity": 0.2,
                        "width": "100%",
                      }
                    }
                  >
                    <Text
                      style={
                        Array [
                          Object {
                            "color": "white",
                            "fontSize": 20,
                            "fontWeight": "bold",
                          },
                          Object {
                            "fontFamily": "open-sans-bold",
                          },
                        ]
                      }
                    >
                      CARREGANDO
                    </Text>
                  </View>
                </View>
              </View>
            </View>
          </View>
        </View>
      </View>
    </View>
  </View>
</View>
`;
